[     256ms] [INFO] %cDownload the React DevTools for a better development experience: https://react.dev/link/react-devtools font-weight:bold @ http://localhost:3000/_next/static/chunks/node_modules_next_dist_f3530cac._.js:2297
[     270ms] [LOG] [HMR] connected @ http://localhost:3000/_next/static/chunks/node_modules_next_dist_f3530cac._.js:2297
[     389ms] [LOG] [Fast Refresh] rebuilding @ http://localhost:3000/_next/static/chunks/node_modules_next_dist_f3530cac._.js:2297
[     439ms] [LOG] [Fast Refresh] done in 151ms @ http://localhost:3000/_next/static/chunks/node_modules_next_dist_f3530cac._.js:2297
[   94314ms] [LOG] [Fast Refresh] rebuilding @ http://localhost:3000/_next/static/chunks/node_modules_next_dist_f3530cac._.js:2297
[   94317ms] [LOG] [Fast Refresh] done in 104ms @ http://localhost:3000/_next/static/chunks/node_modules_next_dist_f3530cac._.js:2297
[  117238ms] [LOG] [Fast Refresh] rebuilding @ http://localhost:3000/_next/static/chunks/node_modules_next_dist_f3530cac._.js:2297
[  117538ms] [LOG] [Fast Refresh] done in 402ms @ http://localhost:3000/_next/static/chunks/node_modules_next_dist_f3530cac._.js:2297
[  117655ms] [LOG] [Fast Refresh] rebuilding @ http://localhost:3000/_next/static/chunks/node_modules_next_dist_f3530cac._.js:2297
[  117660ms] [LOG] [Fast Refresh] done in 106ms @ http://localhost:3000/_next/static/chunks/node_modules_next_dist_f3530cac._.js:2297
[  119632ms] [ERROR] **************************************************************************************************************************** @ http://localhost:3000/_next/static/chunks/node_modules_next_dist_f3530cac._.js:3127
[  119633ms] [ERROR] ************************************************ AG Grid Enterprise License ************************************************ @ http://localhost:3000/_next/static/chunks/node_modules_next_dist_f3530cac._.js:3127
[  119633ms] [ERROR] ************************************************** License Key Not Found *************************************************** @ http://localhost:3000/_next/static/chunks/node_modules_next_dist_f3530cac._.js:3127
[  119634ms] [ERROR] * All AG Grid Enterprise features are unlocked for trial.                                                                  * @ http://localhost:3000/_next/static/chunks/node_modules_next_dist_f3530cac._.js:3127
[  119634ms] [ERROR] * If you want to hide the watermark please email info@ag-grid.com for a trial license key.                                 * @ http://localhost:3000/_next/static/chunks/node_modules_next_dist_f3530cac._.js:3127
[  119635ms] [ERROR] **************************************************************************************************************************** @ http://localhost:3000/_next/static/chunks/node_modules_next_dist_f3530cac._.js:3127
[  119635ms] [ERROR] **************************************************************************************************************************** @ http://localhost:3000/_next/static/chunks/node_modules_next_dist_f3530cac._.js:3127
[  119670ms] [ERROR] **************************************************************************************************************************** @ http://localhost:3000/_next/static/chunks/node_modules_next_dist_f3530cac._.js:3127
[  119671ms] [ERROR] ************************************************ AG Grid Enterprise License ************************************************ @ http://localhost:3000/_next/static/chunks/node_modules_next_dist_f3530cac._.js:3127
[  119671ms] [ERROR] ************************************************** License Key Not Found *************************************************** @ http://localhost:3000/_next/static/chunks/node_modules_next_dist_f3530cac._.js:3127
[  119671ms] [ERROR] * All AG Grid Enterprise features are unlocked for trial.                                                                  * @ http://localhost:3000/_next/static/chunks/node_modules_next_dist_f3530cac._.js:3127
[  119672ms] [ERROR] * If you want to hide the watermark please email info@ag-grid.com for a trial license key.                                 * @ http://localhost:3000/_next/static/chunks/node_modules_next_dist_f3530cac._.js:3127
[  119672ms] [ERROR] **************************************************************************************************************************** @ http://localhost:3000/_next/static/chunks/node_modules_next_dist_f3530cac._.js:3127
[  119673ms] [ERROR] **************************************************************************************************************************** @ http://localhost:3000/_next/static/chunks/node_modules_next_dist_f3530cac._.js:3127
[  119687ms] [ERROR] **************************************************************************************************************************** @ http://localhost:3000/_next/static/chunks/node_modules_next_dist_f3530cac._.js:3127
[  119688ms] [ERROR] ************************************************ AG Grid Enterprise License ************************************************ @ http://localhost:3000/_next/static/chunks/node_modules_next_dist_f3530cac._.js:3127
[  119688ms] [ERROR] ************************************************** License Key Not Found *************************************************** @ http://localhost:3000/_next/static/chunks/node_modules_next_dist_f3530cac._.js:3127
[  119688ms] [ERROR] * All AG Grid Enterprise features are unlocked for trial.                                                                  * @ http://localhost:3000/_next/static/chunks/node_modules_next_dist_f3530cac._.js:3127
[  119688ms] [ERROR] * If you want to hide the watermark please email info@ag-grid.com for a trial license key.                                 * @ http://localhost:3000/_next/static/chunks/node_modules_next_dist_f3530cac._.js:3127
[  119689ms] [ERROR] **************************************************************************************************************************** @ http://localhost:3000/_next/static/chunks/node_modules_next_dist_f3530cac._.js:3127
[  119689ms] [ERROR] **************************************************************************************************************************** @ http://localhost:3000/_next/static/chunks/node_modules_next_dist_f3530cac._.js:3127
[  119702ms] [ERROR] **************************************************************************************************************************** @ http://localhost:3000/_next/static/chunks/node_modules_next_dist_f3530cac._.js:3127
[  119702ms] [ERROR] ************************************************ AG Grid Enterprise License ************************************************ @ http://localhost:3000/_next/static/chunks/node_modules_next_dist_f3530cac._.js:3127
[  119703ms] [ERROR] ************************************************** License Key Not Found *************************************************** @ http://localhost:3000/_next/static/chunks/node_modules_next_dist_f3530cac._.js:3127
[  119704ms] [ERROR] * All AG Grid Enterprise features are unlocked for trial.                                                                  * @ http://localhost:3000/_next/static/chunks/node_modules_next_dist_f3530cac._.js:3127
[  119705ms] [ERROR] * If you want to hide the watermark please email info@ag-grid.com for a trial license key.                                 * @ http://localhost:3000/_next/static/chunks/node_modules_next_dist_f3530cac._.js:3127
[  119705ms] [ERROR] **************************************************************************************************************************** @ http://localhost:3000/_next/static/chunks/node_modules_next_dist_f3530cac._.js:3127
[  119705ms] [ERROR] **************************************************************************************************************************** @ http://localhost:3000/_next/static/chunks/node_modules_next_dist_f3530cac._.js:3127
[  119884ms] [LOG] [Fast Refresh] rebuilding @ http://localhost:3000/_next/static/chunks/node_modules_next_dist_f3530cac._.js:2297
[  119919ms] [LOG] [Fast Refresh] done in 135ms @ http://localhost:3000/_next/static/chunks/node_modules_next_dist_f3530cac._.js:2297
[  120021ms] [LOG] [Fast Refresh] rebuilding @ http://localhost:3000/_next/static/chunks/node_modules_next_dist_f3530cac._.js:2297
[  120023ms] [LOG] [Fast Refresh] done in 103ms @ http://localhost:3000/_next/static/chunks/node_modules_next_dist_f3530cac._.js:2297
[  123217ms] [LOG] [Fast Refresh] rebuilding @ http://localhost:3000/_next/static/chunks/node_modules_next_dist_f3530cac._.js:2297
[  123235ms] [LOG] [Fast Refresh] done in 119ms @ http://localhost:3000/_next/static/chunks/node_modules_next_dist_f3530cac._.js:2297
